== normal start Thu Sep 24 08:55:46 CEST 2026 |  8:55  up 27 days,  6:43, 1 user, load averages: 2.33 2.72 3.22
CVaR@99% truth = 0.03624054   reps=20   pin=1

         full  N=        16  relerr=4.015e-01  t=0.0001s
         full  N=        32  relerr=2.957e-01  t=0.0001s
         full  N=        64  relerr=2.042e-01  t=0.0001s
         full  N=       128  relerr=1.299e-01  t=0.0001s
         full  N=       256  relerr=7.790e-02  t=0.0002s
         full  N=       512  relerr=6.372e-02  t=0.0003s
         full  N=     1,024  relerr=5.153e-02  t=0.0006s
         full  N=     2,048  relerr=4.053e-02  t=0.0011s
         full  N=     4,096  relerr=3.134e-02  t=0.0022s
         full  N=     8,192  relerr=2.235e-02  t=0.0043s
         full  N=    16,384  relerr=9.621e-03  t=0.0093s
         full  N=    32,768  relerr=7.286e-03  t=0.0191s
         full  N=    65,536  relerr=6.621e-03  t=0.0383s
         full  N=   131,072  relerr=5.387e-03  t=0.0765s
         full  N=   262,144  relerr=3.061e-03  t=0.1538s
         full  N=   524,288  relerr=2.414e-03  t=0.3080s
         full  N= 1,048,576  relerr=1.758e-03  t=0.6182s
         full  N= 2,097,152  relerr=9.940e-04  t=1.2337s
         full  N= 4,194,304  relerr=8.590e-04  t=2.4700s
  -> slope -0.493  N(eps)=2,723,380  run N=2,723,381  1 core(s):   1603.3 ms (check err 6.84e-04)  14 core(s):    231.5 ms (check err 9.55e-04)

     qmc_chol  N=        16  relerr=3.062e-01  t=0.0017s
     qmc_chol  N=        32  relerr=2.223e-01  t=0.0018s
     qmc_chol  N=        64  relerr=1.775e-01  t=0.0017s
     qmc_chol  N=       128  relerr=9.140e-02  t=0.0018s
     qmc_chol  N=       256  relerr=6.334e-02  t=0.0019s
     qmc_chol  N=       512  relerr=4.105e-02  t=0.0022s
     qmc_chol  N=     1,024  relerr=3.294e-02  t=0.0028s
     qmc_chol  N=     2,048  relerr=1.350e-02  t=0.0039s
     qmc_chol  N=     4,096  relerr=7.435e-03  t=0.0061s
     qmc_chol  N=     8,192  relerr=6.447e-03  t=0.0107s
     qmc_chol  N=    16,384  relerr=3.331e-03  t=0.0205s
     qmc_chol  N=    32,768  relerr=1.619e-03  t=0.0409s
     qmc_chol  N=    65,536  relerr=1.516e-03  t=0.0788s
     qmc_chol  N=   131,072  relerr=1.125e-03  t=0.1556s
     qmc_chol  N=   262,144  relerr=6.429e-04  t=0.3075s
     qmc_chol  N=   524,288  relerr=3.769e-04  t=0.6151s
     qmc_chol  N= 1,048,576  relerr=2.520e-04  t=1.2236s
     qmc_chol  N= 2,097,152  relerr=1.645e-04  t=2.4540s
     qmc_chol  N= 4,194,304  relerr=1.375e-04  t=4.9113s
  -> slope -0.652  N(eps)=113,105  run N=131,072  1 core(s):    156.5 ms (check err 1.06e-03)  14 core(s):     28.6 ms (check err 1.06e-03)

      qmc_pca  N=        16  relerr=3.379e-01  t=0.0017s
      qmc_pca  N=        32  relerr=2.516e-01  t=0.0017s
      qmc_pca  N=        64  relerr=1.867e-01  t=0.0017s
      qmc_pca  N=       128  relerr=1.097e-01  t=0.0018s
      qmc_pca  N=       256  relerr=6.600e-02  t=0.0019s
      qmc_pca  N=       512  relerr=4.107e-02  t=0.0022s
      qmc_pca  N=     1,024  relerr=1.903e-02  t=0.0027s
      qmc_pca  N=     2,048  relerr=1.494e-02  t=0.0039s
      qmc_pca  N=     4,096  relerr=5.931e-03  t=0.0064s
      qmc_pca  N=     8,192  relerr=4.292e-03  t=0.0110s
      qmc_pca  N=    16,384  relerr=2.323e-03  t=0.0208s
      qmc_pca  N=    32,768  relerr=2.015e-03  t=0.0413s
      qmc_pca  N=    65,536  relerr=1.227e-03  t=0.0796s
      qmc_pca  N=   131,072  relerr=7.130e-04  t=0.1568s
      qmc_pca  N=   262,144  relerr=4.615e-04  t=0.3082s
      qmc_pca  N=   524,288  relerr=3.559e-04  t=0.6124s
      qmc_pca  N= 1,048,576  relerr=1.594e-04  t=1.2270s
      qmc_pca  N= 2,097,152  relerr=1.034e-04  t=2.4404s
      qmc_pca  N= 4,194,304  relerr=8.234e-05  t=4.8797s
  -> slope -0.697  N(eps)=80,569  run N=131,072  1 core(s):    154.0 ms (check err 5.34e-04)  14 core(s):     33.6 ms (check err 5.34e-04)

           is  N=        16  relerr=2.892e-02  t=0.0000s
           is  N=        32  relerr=2.345e-02  t=0.0000s
           is  N=        64  relerr=1.648e-02  t=0.0001s
           is  N=       128  relerr=1.236e-02  t=0.0001s
           is  N=       256  relerr=9.494e-03  t=0.0002s
           is  N=       512  relerr=6.483e-03  t=0.0003s
           is  N=     1,024  relerr=4.795e-03  t=0.0006s
           is  N=     2,048  relerr=3.361e-03  t=0.0012s
           is  N=     4,096  relerr=1.998e-03  t=0.0025s
           is  N=     8,192  relerr=1.274e-03  t=0.0050s
           is  N=    16,384  relerr=1.027e-03  t=0.0106s
           is  N=    32,768  relerr=7.064e-04  t=0.0224s
           is  N=    65,536  relerr=5.511e-04  t=0.0455s
           is  N=   131,072  relerr=3.460e-04  t=0.0911s
           is  N=   262,144  relerr=2.828e-04  t=0.1828s
           is  N=   524,288  relerr=2.013e-04  t=0.3691s
           is  N= 1,048,576  relerr=1.473e-04  t=0.7414s
           is  N= 2,097,152  relerr=1.087e-04  t=1.4969s
           is  N= 4,194,304  relerr=6.632e-05  t=3.0390s
  -> slope -0.494  N(eps)=16,513  run N=16,514  1 core(s):     11.7 ms (check err 1.36e-03)  14 core(s):      4.6 ms (check err 4.44e-04)

   is_qmc_pca  N=        16  relerr=2.845e-02  t=0.0017s
   is_qmc_pca  N=        32  relerr=1.582e-02  t=0.0017s
   is_qmc_pca  N=        64  relerr=1.116e-02  t=0.0017s
   is_qmc_pca  N=       128  relerr=7.198e-03  t=0.0018s
   is_qmc_pca  N=       256  relerr=4.368e-03  t=0.0019s
   is_qmc_pca  N=       512  relerr=2.871e-03  t=0.0022s
   is_qmc_pca  N=     1,024  relerr=1.664e-03  t=0.0029s
   is_qmc_pca  N=     2,048  relerr=1.099e-03  t=0.0041s
   is_qmc_pca  N=     4,096  relerr=7.264e-04  t=0.0064s
   is_qmc_pca  N=     8,192  relerr=4.353e-04  t=0.0114s
   is_qmc_pca  N=    16,384  relerr=3.909e-04  t=0.0220s
   is_qmc_pca  N=    32,768  relerr=2.693e-04  t=0.0430s
   is_qmc_pca  N=    65,536  relerr=1.352e-04  t=0.0852s
   is_qmc_pca  N=   131,072  relerr=7.893e-05  t=0.1687s
   is_qmc_pca  N=   262,144  relerr=4.911e-05  t=0.3352s
   is_qmc_pca  N=   524,288  relerr=3.570e-05  t=0.6750s
   is_qmc_pca  N= 1,048,576  relerr=2.394e-05  t=1.3639s
   is_qmc_pca  N= 2,097,152  relerr=2.060e-05  t=2.7476s
   is_qmc_pca  N= 4,194,304  relerr=1.166e-05  t=5.5282s
  -> slope -0.623  N(eps)=2,386  run N=4,096  1 core(s):      7.2 ms (check err 9.29e-04)  14 core(s):      6.0 ms (check err 9.29e-04)

wrote results_vr_sp100_normal.json
       full  N=2,723,381  1c   1587.4 ms (err 7.7e-04)  14c    224.5 ms (err 1.1e-03)
   qmc_chol  N=  131,072  1c    158.2 ms (err 1.1e-03)  14c     30.0 ms (err 1.1e-03)
    qmc_pca  N=  131,072  1c    160.3 ms (err 4.6e-04)  14c     28.0 ms (err 4.6e-04)
         is  N=   16,514  1c     11.5 ms (err 1.2e-03)  14c      4.6 ms (err 8.1e-04)
 is_qmc_pca  N=    4,096  1c      7.3 ms (err 8.5e-04)  14c      6.1 ms (err 8.5e-04)
== t start Thu Sep 24 09:10:41 CEST 2026 |  9:10  up 27 days,  6:58, 1 user, load averages: 4.61 3.70 3.23
CVaR@99% truth = 0.04979120   reps=20   pin=1

         full  N=        16  relerr=5.276e-01  t=0.0001s
         full  N=        32  relerr=4.399e-01  t=0.0001s
         full  N=        64  relerr=3.658e-01  t=0.0001s
         full  N=       128  relerr=3.012e-01  t=0.0001s
         full  N=       256  relerr=2.517e-01  t=0.0002s
         full  N=       512  relerr=1.584e-01  t=0.0003s
         full  N=     1,024  relerr=1.768e-01  t=0.0006s
         full  N=     2,048  relerr=1.054e-01  t=0.0011s
         full  N=     4,096  relerr=7.880e-02  t=0.0022s
         full  N=     8,192  relerr=5.382e-02  t=0.0044s
         full  N=    16,384  relerr=3.444e-02  t=0.0094s
         full  N=    32,768  relerr=2.529e-02  t=0.0195s
         full  N=    65,536  relerr=2.180e-02  t=0.0388s
         full  N=   131,072  relerr=1.220e-02  t=0.0781s
         full  N=   262,144  relerr=1.004e-02  t=0.1556s
         full  N=   524,288  relerr=7.109e-03  t=0.3116s
         full  N= 1,048,576  relerr=4.826e-03  t=0.6241s
         full  N= 2,097,152  relerr=3.665e-03  t=1.2476s
         full  N= 4,194,304  relerr=1.950e-03  t=2.5003s
  -> slope -0.450  N(eps)=12,757,489 (extrap.)  run N=12,757,490  1 core(s):   7605.9 ms (check err 1.87e-03)  14 core(s):    993.6 ms (check err 1.73e-03)

     qmc_chol  N=        16  relerr=1.663e+00  t=0.0018s
     qmc_chol  N=        32  relerr=1.638e+00  t=0.0018s
     qmc_chol  N=        64  relerr=1.619e+00  t=0.0018s
     qmc_chol  N=       128  relerr=8.599e-01  t=0.0019s
     qmc_chol  N=       256  relerr=5.644e-01  t=0.0021s
     qmc_chol  N=       512  relerr=2.703e-01  t=0.0024s
     qmc_chol  N=     1,024  relerr=1.486e-01  t=0.0032s
     qmc_chol  N=     2,048  relerr=8.257e-02  t=0.0046s
     qmc_chol  N=     4,096  relerr=4.941e-02  t=0.0074s
     qmc_chol  N=     8,192  relerr=2.705e-02  t=0.0135s
     qmc_chol  N=    16,384  relerr=1.438e-02  t=0.0267s
     qmc_chol  N=    32,768  relerr=7.689e-03  t=0.0526s
     qmc_chol  N=    65,536  relerr=4.483e-03  t=0.1039s
     qmc_chol  N=   131,072  relerr=2.378e-03  t=0.2050s
     qmc_chol  N=   262,144  relerr=1.521e-03  t=0.4082s
     qmc_chol  N=   524,288  relerr=8.755e-04  t=0.8115s
     qmc_chol  N= 1,048,576  relerr=4.603e-04  t=1.6303s
     qmc_chol  N= 2,097,152  relerr=3.327e-04  t=3.2595s
     qmc_chol  N= 4,194,304  relerr=2.006e-04  t=6.5154s
  -> slope -0.791  N(eps)=431,120  run N=524,288  1 core(s):    813.1 ms (check err 1.52e-03)  14 core(s):    120.6 ms (check err 1.52e-03)

      qmc_pca  N=        16  relerr=5.138e-01  t=0.0018s
      qmc_pca  N=        32  relerr=4.221e-01  t=0.0018s
      qmc_pca  N=        64  relerr=3.603e-01  t=0.0018s
      qmc_pca  N=       128  relerr=4.497e-01  t=0.0019s
      qmc_pca  N=       256  relerr=2.832e-01  t=0.0021s
      qmc_pca  N=       512  relerr=1.283e-01  t=0.0025s
      qmc_pca  N=     1,024  relerr=6.783e-02  t=0.0032s
      qmc_pca  N=     2,048  relerr=3.921e-02  t=0.0047s
      qmc_pca  N=     4,096  relerr=2.173e-02  t=0.0076s
      qmc_pca  N=     8,192  relerr=1.276e-02  t=0.0135s
      qmc_pca  N=    16,384  relerr=5.863e-03  t=0.0268s
      qmc_pca  N=    32,768  relerr=3.645e-03  t=0.0527s
      qmc_pca  N=    65,536  relerr=2.130e-03  t=0.1043s
      qmc_pca  N=   131,072  relerr=2.246e-03  t=0.2054s
      qmc_pca  N=   262,144  relerr=1.751e-03  t=0.4088s
      qmc_pca  N=   524,288  relerr=1.018e-03  t=0.8162s
      qmc_pca  N= 1,048,576  relerr=5.457e-04  t=1.6251s
      qmc_pca  N= 2,097,152  relerr=2.235e-04  t=3.2568s
      qmc_pca  N= 4,194,304  relerr=1.576e-04  t=6.4745s
  -> slope -0.691  N(eps)=441,500  run N=524,288  1 core(s):    812.5 ms (check err 1.30e-03)  14 core(s):    118.1 ms (check err 1.30e-03)

           is  N=        16  relerr=4.741e-01  t=0.0000s
           is  N=        32  relerr=3.597e-01  t=0.0000s
           is  N=        64  relerr=2.231e-01  t=0.0001s
           is  N=       128  relerr=2.003e-01  t=0.0001s
           is  N=       256  relerr=1.194e-01  t=0.0002s
           is  N=       512  relerr=3.402e-01  t=0.0003s
           is  N=     1,024  relerr=6.154e-02  t=0.0006s
           is  N=     2,048  relerr=5.701e-02  t=0.0013s
           is  N=     4,096  relerr=5.356e-02  t=0.0025s
           is  N=     8,192  relerr=3.183e-02  t=0.0050s
           is  N=    16,384  relerr=2.753e-02  t=0.0109s
           is  N=    32,768  relerr=1.781e-02  t=0.0225s
           is  N=    65,536  relerr=1.332e-02  t=0.0455s
           is  N=   131,072  relerr=8.437e-03  t=0.0914s
           is  N=   262,144  relerr=6.495e-03  t=0.1832s
           is  N=   524,288  relerr=4.465e-03  t=0.3687s
           is  N= 1,048,576  relerr=2.819e-03  t=0.7428s
           is  N= 2,097,152  relerr=1.744e-03  t=1.5055s
           is  N= 4,194,304  relerr=1.342e-03  t=3.0537s
  -> slope -0.470  N(eps)=6,791,725 (extrap.)  run N=6,791,726  1 core(s):   5036.2 ms (check err 1.76e-03)  14 core(s):   1373.6 ms (check err 1.25e-03)

   is_qmc_pca  N=        16  relerr=1.686e+00  t=0.0017s
   is_qmc_pca  N=        32  relerr=1.504e+00  t=0.0017s
   is_qmc_pca  N=        64  relerr=7.921e-01  t=0.0018s
   is_qmc_pca  N=       128  relerr=3.927e-01  t=0.0019s
   is_qmc_pca  N=       256  relerr=2.028e-01  t=0.0021s
   is_qmc_pca  N=       512  relerr=1.269e-01  t=0.0024s
   is_qmc_pca  N=     1,024  relerr=6.502e-02  t=0.0032s
   is_qmc_pca  N=     2,048  relerr=3.352e-02  t=0.0047s
   is_qmc_pca  N=     4,096  relerr=1.832e-02  t=0.0077s
   is_qmc_pca  N=     8,192  relerr=1.840e-02  t=0.0141s
   is_qmc_pca  N=    16,384  relerr=9.584e-03  t=0.0280s
   is_qmc_pca  N=    32,768  relerr=6.522e-03  t=0.0558s
   is_qmc_pca  N=    65,536  relerr=3.901e-03  t=0.1103s
   is_qmc_pca  N=   131,072  relerr=2.342e-03  t=0.2186s
   is_qmc_pca  N=   262,144  relerr=2.125e-03  t=0.4342s
   is_qmc_pca  N=   524,288  relerr=1.421e-03  t=0.8685s
   is_qmc_pca  N= 1,048,576  relerr=1.029e-03  t=1.7363s
   is_qmc_pca  N= 2,097,152  relerr=6.113e-04  t=3.5076s
   is_qmc_pca  N= 4,194,304  relerr=3.542e-04  t=7.0688s
  -> slope -0.684  N(eps)=926,259  run N=1,048,576  1 core(s):   1751.3 ms (check err 7.73e-04)  14 core(s):    290.2 ms (check err 7.73e-04)

wrote results_vr_sp100_t.json
       full  N=12,757,490  1c   7625.4 ms (err 1.4e-03)  14c   1017.4 ms (err 1.2e-03)
   qmc_chol  N=  524,288  1c    769.3 ms (err 1.1e-03)  14c    119.9 ms (err 1.1e-03)
    qmc_pca  N=  524,288  1c    769.0 ms (err 1.0e-03)  14c    120.8 ms (err 1.0e-03)
         is  N=6,791,726  1c   5058.1 ms (err 1.5e-03)  14c   1283.2 ms (err 1.4e-03)
 is_qmc_pca  N=1,048,576  1c   1659.3 ms (err 9.3e-04)  14c    292.1 ms (err 9.3e-04)
== end Thu Sep 24 09:36:14 CEST 2026 |  9:36  up 27 days,  7:23, 1 user, load averages: 5.17 4.45 3.87
