== start Thu Sep 24 08:29:23 CEST 2026 |  8:29  up 27 days,  6:16, 1 user, load averages: 3.30 3.66 4.10
CVaR@99% truth = 0.03099377   reps=20   pin=1

         full  N=        16  relerr=3.835e-01  t=0.0001s
         full  N=        32  relerr=2.656e-01  t=0.0001s
         full  N=        64  relerr=1.720e-01  t=0.0001s
         full  N=       128  relerr=1.310e-01  t=0.0001s
         full  N=       256  relerr=1.101e-01  t=0.0002s
         full  N=       512  relerr=7.561e-02  t=0.0003s
         full  N=     1,024  relerr=4.752e-02  t=0.0006s
         full  N=     2,048  relerr=3.351e-02  t=0.0011s
         full  N=     4,096  relerr=2.555e-02  t=0.0022s
         full  N=     8,192  relerr=1.932e-02  t=0.0043s
         full  N=    16,384  relerr=1.125e-02  t=0.0092s
         full  N=    32,768  relerr=9.716e-03  t=0.0192s
         full  N=    65,536  relerr=7.775e-03  t=0.0384s
         full  N=   131,072  relerr=5.612e-03  t=0.0769s
         full  N=   262,144  relerr=3.189e-03  t=0.1539s
         full  N=   524,288  relerr=2.529e-03  t=0.3076s
         full  N= 1,048,576  relerr=1.462e-03  t=0.6167s
         full  N= 2,097,152  relerr=8.628e-04  t=1.2278s
         full  N= 4,194,304  relerr=6.991e-04  t=2.4927s
  -> slope -0.497  N(eps)=2,036,309  run N=2,036,310  1 core(s):   1189.3 ms (check err 7.42e-04)  14 core(s):    165.8 ms (check err 1.77e-03)

     qmc_chol  N=        16  relerr=3.346e-01  t=0.0017s
     qmc_chol  N=        32  relerr=2.455e-01  t=0.0017s
     qmc_chol  N=        64  relerr=1.918e-01  t=0.0017s
     qmc_chol  N=       128  relerr=1.343e-01  t=0.0018s
     qmc_chol  N=       256  relerr=8.416e-02  t=0.0019s
     qmc_chol  N=       512  relerr=5.320e-02  t=0.0022s
     qmc_chol  N=     1,024  relerr=4.244e-02  t=0.0027s
     qmc_chol  N=     2,048  relerr=3.068e-02  t=0.0038s
     qmc_chol  N=     4,096  relerr=1.767e-02  t=0.0060s
     qmc_chol  N=     8,192  relerr=1.294e-02  t=0.0106s
     qmc_chol  N=    16,384  relerr=6.180e-03  t=0.0198s
     qmc_chol  N=    32,768  relerr=4.072e-03  t=0.0394s
     qmc_chol  N=    65,536  relerr=1.467e-03  t=0.0779s
     qmc_chol  N=   131,072  relerr=1.218e-03  t=0.1520s
     qmc_chol  N=   262,144  relerr=9.156e-04  t=0.3034s
     qmc_chol  N=   524,288  relerr=5.673e-04  t=0.6005s
     qmc_chol  N= 1,048,576  relerr=4.225e-04  t=1.2016s
     qmc_chol  N= 2,097,152  relerr=3.639e-04  t=2.3764s
     qmc_chol  N= 4,194,304  relerr=2.676e-04  t=4.7545s
  -> slope -0.620  N(eps)=175,904  run N=262,144  1 core(s):    300.7 ms (check err 1.08e-03)  14 core(s):     56.6 ms (check err 1.08e-03)

      qmc_pca  N=        16  relerr=2.797e-01  t=0.0017s
      qmc_pca  N=        32  relerr=2.076e-01  t=0.0017s
      qmc_pca  N=        64  relerr=1.831e-01  t=0.0017s
      qmc_pca  N=       128  relerr=8.495e-02  t=0.0018s
      qmc_pca  N=       256  relerr=5.217e-02  t=0.0019s
      qmc_pca  N=       512  relerr=2.635e-02  t=0.0022s
      qmc_pca  N=     1,024  relerr=1.289e-02  t=0.0028s
      qmc_pca  N=     2,048  relerr=5.678e-03  t=0.0038s
      qmc_pca  N=     4,096  relerr=1.886e-03  t=0.0060s
      qmc_pca  N=     8,192  relerr=1.215e-03  t=0.0105s
      qmc_pca  N=    16,384  relerr=8.325e-04  t=0.0200s
      qmc_pca  N=    32,768  relerr=4.581e-04  t=0.0391s
      qmc_pca  N=    65,536  relerr=2.728e-04  t=0.0771s
      qmc_pca  N=   131,072  relerr=1.610e-04  t=0.1517s
      qmc_pca  N=   262,144  relerr=7.993e-05  t=0.3010s
      qmc_pca  N=   524,288  relerr=4.467e-05  t=0.5983s
      qmc_pca  N= 1,048,576  relerr=2.754e-05  t=1.1924s
      qmc_pca  N= 2,097,152  relerr=1.351e-05  t=2.3703s
      qmc_pca  N= 4,194,304  relerr=1.040e-05  t=4.7671s
  -> slope -0.876  N(eps)=10,869  run N=16,384  1 core(s):     20.7 ms (check err 6.15e-04)  14 core(s):      9.4 ms (check err 6.15e-04)

           is  N=        16  relerr=4.843e-02  t=0.0000s
           is  N=        32  relerr=2.079e-02  t=0.0000s
           is  N=        64  relerr=1.700e-02  t=0.0001s
           is  N=       128  relerr=1.254e-02  t=0.0001s
           is  N=       256  relerr=7.323e-03  t=0.0002s
           is  N=       512  relerr=5.032e-03  t=0.0003s
           is  N=     1,024  relerr=3.836e-03  t=0.0006s
           is  N=     2,048  relerr=2.670e-03  t=0.0012s
           is  N=     4,096  relerr=2.109e-03  t=0.0025s
           is  N=     8,192  relerr=1.635e-03  t=0.0049s
           is  N=    16,384  relerr=9.562e-04  t=0.0106s
           is  N=    32,768  relerr=7.124e-04  t=0.0222s
           is  N=    65,536  relerr=5.295e-04  t=0.0450s
           is  N=   131,072  relerr=3.518e-04  t=0.0904s
           is  N=   262,144  relerr=3.353e-04  t=0.1817s
           is  N=   524,288  relerr=2.347e-04  t=0.3654s
           is  N= 1,048,576  relerr=1.511e-04  t=0.7376s
           is  N= 2,097,152  relerr=1.168e-04  t=1.4885s
           is  N= 4,194,304  relerr=6.945e-05  t=3.0201s
  -> slope -0.488  N(eps)=17,822  run N=17,823  1 core(s):     12.2 ms (check err 1.40e-03)  14 core(s):      5.3 ms (check err 1.12e-03)

   is_qmc_pca  N=        16  relerr=7.804e-03  t=0.0017s
   is_qmc_pca  N=        32  relerr=3.883e-03  t=0.0017s
   is_qmc_pca  N=        64  relerr=2.207e-03  t=0.0017s
   is_qmc_pca  N=       128  relerr=1.555e-03  t=0.0018s
   is_qmc_pca  N=       256  relerr=8.157e-04  t=0.0019s
   is_qmc_pca  N=       512  relerr=5.495e-04  t=0.0022s
   is_qmc_pca  N=     1,024  relerr=2.754e-04  t=0.0028s
   is_qmc_pca  N=     2,048  relerr=1.691e-04  t=0.0040s
   is_qmc_pca  N=     4,096  relerr=1.038e-04  t=0.0064s
   is_qmc_pca  N=     8,192  relerr=8.646e-05  t=0.0112s
   is_qmc_pca  N=    16,384  relerr=7.601e-05  t=0.0218s
   is_qmc_pca  N=    32,768  relerr=1.808e-05  t=0.0423s
   is_qmc_pca  N=    65,536  relerr=1.608e-05  t=0.0836s
   is_qmc_pca  N=   131,072  relerr=1.711e-05  t=0.1656s
   is_qmc_pca  N=   262,144  relerr=1.103e-05  t=0.3285s
   is_qmc_pca  N=   524,288  relerr=4.550e-06  t=0.6579s
   is_qmc_pca  N= 1,048,576  relerr=3.604e-06  t=1.3244s
   is_qmc_pca  N= 2,097,152  relerr=2.872e-06  t=2.6704s
   is_qmc_pca  N= 4,194,304  relerr=2.087e-06  t=5.2996s
  -> slope -0.659  N(eps)=204  run N=256  1 core(s):      2.5 ms (check err 8.64e-04)  14 core(s):      5.0 ms (check err 8.64e-04)

wrote results_variance_reduction.json
== retime Thu Sep 24 08:43:11 CEST 2026 |  8:43  up 27 days,  6:30, 1 user, load averages: 2.47 3.42 3.63
       full  N=2,036,310  1c   1181.9 ms (err 1.2e-03)  14c    168.6 ms (err 1.6e-03)
   qmc_chol  N=  262,144  1c    320.3 ms (err 1.1e-03)  14c     50.5 ms (err 1.1e-03)
    qmc_pca  N=   16,384  1c     21.6 ms (err 7.5e-04)  14c      9.4 ms (err 7.5e-04)
         is  N=   17,823  1c     12.3 ms (err 1.3e-03)  14c      5.0 ms (err 8.8e-04)
 is_qmc_pca  N=      256  1c      2.7 ms (err 9.0e-04)  14c      6.0 ms (err 9.0e-04)
== julia N=2036310 Thu Sep 24 08:43:47 CEST 2026 |  8:43  up 27 days,  6:31, 1 user, load averages: 2.36 3.27 3.57
julia 1.12.6  threads=1  blas=libopenblas64_p-r0.3.33.dylib  block=256  N=2036310  reps=20
  first call incl. compile: 0.271 s
  time median 1620.22 ms   min 1593.13 ms   relerr_cvar 1.286e-03   paths/s 1.257e+06
julia 1.12.6  threads=1  blas=Accelerate  block=256  N=2036310  reps=20
  first call incl. compile: 0.270 s
  time median 891.81 ms   min 879.54 ms   relerr_cvar 1.286e-03   paths/s 2.283e+06
julia 1.12.6  threads=14  blas=libopenblas64_p-r0.3.33.dylib  block=256  N=2036310  reps=20
  first call incl. compile: 0.180 s
  time median 896.07 ms   min 876.76 ms   relerr_cvar 9.261e-04   paths/s 2.272e+06
julia 1.12.6  threads=14  blas=Accelerate  block=256  N=2036310  reps=20
  first call incl. compile: 0.185 s
  time median 115.90 ms   min 99.80 ms   relerr_cvar 9.261e-04   paths/s 1.757e+07
== end Thu Sep 24 08:45:08 CEST 2026 |  8:45  up 27 days,  6:32, 1 user, load averages: 6.26 4.25 3.91
